
> Configure project :
Fabric Loom: 1.15.5

> Task :compileJava UP-TO-DATE
> Task :irl-core:compileJava UP-TO-DATE
> Task :processResources UP-TO-DATE
> Task :classes UP-TO-DATE
> Task :compileClientJava UP-TO-DATE
> Task :irl-core:processResources
> Task :irl-core:classes
> Task :irl-core:jar
> Task :processClientResources
> Task :jar

> Task :processIncludeJars
(1.0-obt) is not valid semver for dependency org.qualet:irl-core:1.0-obt

> Task :sourcesJar
> Task :validateAccessWidener NO-SOURCE
> Task :check
> Task :remapJar
> Task :remapSourcesJar
> Task :assemble
> Task :build

[Incubating] Problems report is available at: file:///D:/zqicev/Projects/irl-editor/build/reports/problems/problems-report.html

Deprecated Gradle features were used in this build, making it incompatible with Gradle 10.

You can use '--warning-mode all' to show the individual deprecation warnings and determine if they come from your own scripts or plugins.

For more on this, please refer to https://docs.gradle.org/9.2.0/userguide/command_line_interface.html#sec:command_line_warnings in the Gradle documentation.

BUILD SUCCESSFUL in 34s
12 actionable tasks: 8 executed, 4 up-to-date
