Downloading https://services.gradle.org/distributions/gradle-9.2.0-bin.zip
............10%.............20%.............30%.............40%.............50%.............60%.............70%.............80%.............90%.............100%
Starting a Gradle Daemon (subsequent builds will be faster)

> Configure project :
Fabric Loom: 1.15.5

Cannot remap lambda$init$2 because it does not exist in any of the targets [net/minecraft/class_429]
Cannot remap getRenderLayers because it does not exist in any of the targets [net/minecraft/class_4696]
Cannot remap iterateVisibleBlockEntities because it does not exist in any of the targets [net/minecraft/class_761]

> Configure project :
:remapping sources

> Task :irl-core:compileJava
> Task :compileJava
> Task :processResources
> Task :classes
> Task :compileClientJava

[Incubating] Problems report is available at: file:///D:/zqicev/Projects/irl-editor/build/reports/problems/problems-report.html

Deprecated Gradle features were used in this build, making it incompatible with Gradle 10.

You can use '--warning-mode all' to show the individual deprecation warnings and determine if they come from your own scripts or plugins.

For more on this, please refer to https://docs.gradle.org/9.2.0/userguide/command_line_interface.html#sec:command_line_warnings in the Gradle documentation.

BUILD SUCCESSFUL in 8m 33s
4 actionable tasks: 4 executed
